Ingredients_expected,respondent_count
Caffeine,3896
Vitamins,2534
Sugar,2017
Guarana,1553
